This is Ginkgo 1.7.0 (master)
    running with core module 1.7.0 (master)
Running on reference(0)
Running with 2 warm iterations and 10 running iterations
The random seed for right hand sides is 42
The operations are copy,axpy,scal
Running test case n = 100 
	Running blas: copy
	Running blas: axpy
	Running blas: scal
