[
    {
        "size": 100,
        "stencil": "7pt",
        "conversion": {
            "coo-read": {
                "time": 1.0,
                "repetitions": 10,
                "completed": true
            },
            "coo-csr": {
                "time": 1.0,
                "repetitions": 10,
                "completed": true
            },
            "csr-read": {
                "time": 1.0,
                "repetitions": 10,
                "completed": true
            },
            "csr-coo": {
                "time": 1.0,
                "repetitions": 10,
                "completed": true
            },
            "csr-ell": {
                "time": 1.0,
                "repetitions": 10,
                "completed": true
            },
            "csr-sellp": {
                "time": 1.0,
                "repetitions": 10,
                "completed": true
            },
            "csr-hybrid": {
                "time": 1.0,
                "repetitions": 10,
                "completed": true
            },
            "ell-read": {
                "time": 1.0,
                "repetitions": 10,
                "completed": true
            },
            "ell-csr": {
                "time": 1.0,
                "repetitions": 10,
                "completed": true
            },
            "sellp-read": {
                "time": 1.0,
                "repetitions": 10,
                "completed": true
            },
            "sellp-csr": {
                "time": 1.0,
                "repetitions": 10,
                "completed": true
            },
            "hybrid-read": {
                "time": 1.0,
                "repetitions": 10,
                "completed": true
            },
            "hybrid-csr": {
                "time": 1.0,
                "repetitions": 10,
                "completed": true
            }
        },
        "rows": 125,
        "cols": 125,
        "nonzeros": 725
    }
]
