This is Ginkgo 1.6.0 (develop)
    running with core module 1.6.0 (develop)
Running on reference(0)
Running with 0 warm iterations and 1 running iterations
The random seed for right hand sides is 42
The operations are copy,axpy,scalRunning test case
{
    "n": DEBUG: begin n = 100 
DEBUG: begin copy
100,
    "blaDEBUG: begin allocate
DEBUG: end   s": {}
}
DEBUG: begin n = 100 
DEBUG: begin allocate
DEBUG: begin partition::build_ranges_from_global_size
DEBUG: end   partition::build_ranges_from_global_size
copy
DEBUG: begin allocateDEBUG: begin allocate
DEBUG: end   allocate
DEBUG: begin allocate
DEBUG: end   allocate
DEBUG: end   allocate

DEBUG: begin allocate
DEBUG: end   DEBUG: begin partition::build_ranges_from_global_size
DEBUG: end   partition::build_ranges_from_global_size
DEBUG: begin allocate
DEBUG: end   allocate
DEBUG: begin allocate
allocate
DEBUG: begin allocate
DEBUG: end   allocate
DEBUG: begin components::fill_array
DEBUG: end   components::fill_array
DEBUG: begin components::fill_array
DEBUG: end   components::fill_array
DEBUG: begin components::fill_array
DEBUG: end   components::fill_array
DEBUG: begin components::fill_array
DEBUG: end   components::fill_array
DEBUG: begin partition::build_from_contiguous
DEBUG: end   partition::build_from_contiguousDEBUG: end   allocate
DEBUG: begin allocate
DEBUG: end   allocate
DEBUG: begin partition::build_starting_indicesDEBUG: begin n = 100 
DEBUG: begin copy
DEBUG: begin allocate
DEBUG: end   allocate
DEBUG: begin partition::build_ranges_from_global_size
DEBUG: end   partition::build_ranges_from_global_size
DEBUG: begin allocate
DEBUG: end   allocate

DEBUG: begin allocate
DEBUG: end   allocate
DEBUG: begin components::fill_array

DEBUG: end   partition::build_starting_indices
DEBUG: begin copy
DEBUG: end   copy
DEBUG: begin allocate
DEBUG: end   allocate
DEBUG: begin allocate
DEBUG: end   allocate
DEBUG: begin DEBUG: end   components::fill_array
DEBUG: begin components::fill_array
DEBUG: end   components::fill_array
DEBUG: begin free
DEBUG: end   free
DEBUG: begin copy
DEBUG: end   copy
DEBUG: begin DEBUG: begin components::fill_array
DEBUG: end   components::fill_arrayallocate
DEBUG: end   allocate
allocate
DEBUG: end   allocate
DEBUG: begin components::fill_array

DEBUG: begin components::fill_array
DEBUG: end   components::fill_array
DEBUG: begin partition::build_from_contiguous
DEBUG: end   DEBUG: begin free
DEBUG: end   free
DEBUG: end   components::fill_array
DEBUG: begin components::fill_array
DEBUG: end   components::fill_array
DEBUG: begin free
DEBUG: end   free
DEBUG: begin components::fill_array
DEBUG: end   components::fill_array
DEBUG: begin components::fill_array
partition::build_from_contiguous
DEBUG: begin partition::build_starting_indices
DEBUG: end   partition::build_starting_indices
DEBUG: begin copy
DEBUG: end   copy
DEBUG: begin free
DEBUG: end   free
DEBUG: begin free
DEBUG: end   free
DEBUG: begin free
DEBUG: end   free
DEBUG: begin allocate
DEBUG: end   DEBUG: end   DEBUG: begin copy
DEBUG: end   copy
DEBUG: begin allocate
DEBUG: end   allocate
DEBUG: begin partition::build_ranges_from_global_size
DEBUG: end   partition::build_ranges_from_global_size
DEBUG: begin allocatecomponents::fill_array
allocate
DEBUG: begin 
DEBUG: end   allocate
DEBUG: begin allocate
DEBUG: end   allocate
free
DEBUG: end   free
DEBUG: begin free
DEBUG: end   free
DEBUG: begin freeDEBUG: begin allocate
DEBUG: end   allocate
DEBUG: begin allocate
DEBUG: end   allocate
DEBUG: begin DEBUG: begin partition::build_from_contiguous
DEBUG: end   partition::build_from_contiguous
DEBUG: begin partition::build_starting_indices
DEBUG: end   partition::build_starting_indices
DEBUG: begin copy
DEBUG: end   copy
DEBUG: begin free
DEBUG: end   free
DEBUG: begin free
DEBUG: end   free
DEBUG: begin allocate
components::fill_array
DEBUG: end   components::fill_array
DEBUG: begin components::fill_array
DEBUG: end   components::fill_array
DEBUG: begin components::fill_array
DEBUG: end   components::fill_array
DEBUG: begin components::fill_array

DEBUG: end   free
DEBUG: begin copy
DEBUG: end   copy
DEBUG: begin allocate
DEBUG: end   allocate
DEBUG: begin freeDEBUG: end   allocate
DEBUG: begin partition::build_ranges_from_global_size
DEBUG: end   partition::build_ranges_from_global_size
DEBUG: begin allocate
DEBUG: end   allocate
DEBUG: begin allocate
DEBUG: end   allocate
DEBUG: begin allocate
DEBUG: end   allocate
DEBUG: begin allocate
DEBUG: end   components::fill_array
DEBUG: begin partition::build_from_contiguous
DEBUG: end   partition::build_from_contiguous
DEBUG: begin partition::build_starting_indices
DEBUG: end   partition::build_starting_indices
DEBUG: begin copy
DEBUG: end   copy
DEBUG: begin 
DEBUG: end   free
DEBUG: begin free
DEBUG: end   free
DEBUG: begin free
DEBUG: end   free
DEBUG: begin free
DEBUG: end   free
DEBUG: begin allocate
DEBUG: end   allocateDEBUG: end   allocate
DEBUG: begin components::fill_array
DEBUG: end   components::fill_array
DEBUG: begin components::fill_array
DEBUG: end   components::fill_array
DEBUG: begin components::fill_array
DEBUG: end   free
DEBUG: end   free
DEBUG: begin 
DEBUG: begin partition::build_ranges_from_global_size
DEBUG: end   partition::build_ranges_from_global_size
DEBUG: begin allocate
DEBUG: end   allocate
components::fill_array
DEBUG: begin components::fill_array
DEBUG: end   components::fill_array
DEBUG: begin partition::build_from_contiguous
DEBUG: end   partition::build_from_contiguous
DEBUG: begin partition::build_starting_indices
DEBUG: end   partition::build_starting_indicescopy
DEBUG: end   copy
DEBUG: begin allocate
DEBUG: end   allocate
DEBUG: begin free
DEBUG: end   free
DEBUG: begin allocate
DEBUG: end   allocate
DEBUG: begin allocate
DEBUG: end   allocate
DEBUG: begin allocate

DEBUG: begin copy
DEBUG: end   copyDEBUG: begin free
DEBUG: end   free
DEBUG: begin DEBUG: end   allocate
DEBUG: begin components::fill_array
DEBUG: end   components::fill_array
DEBUG: begin free
DEBUG: end   free
DEBUG: begin copy
DEBUG: end   copy
DEBUG: begin free
DEBUG: end   free
DEBUG: begin free
DEBUG: end   free

DEBUG: begin components::fill_array
DEBUG: end   components::fill_array
DEBUG: begin components::fill_array
DEBUG: end   components::fill_array
DEBUG: begin components::fill_arrayallocate
DEBUG: end   allocate
DEBUG: begin DEBUG: begin dense::fill
DEBUG: end   
DEBUG: end   components::fill_array
DEBUG: begin partition::build_from_contiguous
DEBUG: end   partition::build_from_contiguous
DEBUG: begin partition::build_starting_indices
DEBUG: end   partition::build_starting_indices
DEBUG: begin copy
DEBUG: end   copy
DEBUG: begin free
DEBUG: end   free
DEBUG: begin copy
DEBUG: end   copy
DEBUG: begin allocate
free
DEBUG: end   free
DEBUG: begin free
DEBUG: end   free
DEBUG: begin free
DEBUG: end   free
DEBUG: begin free
DEBUG: end   free
DEBUG: begin dense::fill
DEBUG: end   dense::fill
DEBUG: begin dense::copy
DEBUG: end   dense::copy
dense::fill
DEBUG: begin dense::copy
DEBUG: end   dense::copy
DEBUG: end   allocate
DEBUG: begin free
DEBUG: end   free
DEBUG: begin free
DEBUG: end   free
DEBUG: begin free
DEBUG: end   free
DEBUG: begin free
DEBUG: end   free
DEBUG: begin dense::fill
DEBUG: end   dense::fill
DEBUG: begin dense::copy
DEBUG: end   dense::copy
DEBUG: begin free
DEBUG: end   free
DEBUG: begin free
DEBUG: end   freeDEBUG: begin free
DEBUG: end   free
DEBUG: begin free
DEBUG: end   free
DEBUG: end   copy
DEBUG: begin free
DEBUG: end   free
DEBUG: begin free
DEBUG: end   free
DEBUG: end   copy
DEBUG: begin axpy
DEBUG: begin allocate
DEBUG: end   copy
Current state:
[
    DEBUG: begin axpy
DEBUG: begin allocate
DEBUG: end   allocate
DEBUG: begin allocate
DEBUG: end   
DEBUG: end   allocate
DEBUG: begin allocate
DEBUG: end   allocate
DEBUG: begin {
        "n": 10allocate
DEBUG: begin partition::build_ranges_from_global_size
DEBUG: end   partition::build_ranges_from_global_size
DEBUG: begin allocate
DEBUG: end   allocate
DEBUG: begin allocate
partition::build_ranges_from_global_size
DEBUG: end   partition::build_ranges_from_global_size
DEBUG: begin allocate
DEBUG: end   allocate
DEBUG: begin allocate
DEBUG: end   allocate
DEBUG: begin 0,
       DEBUG: end   allocate
DEBUG: begin allocate
DEBUG: end   allocate
allocate
DEBUG: end   allocate
DEBUG: begin allocate
DEBUG: end    "blas": {
   DEBUG: begin allocate
DEBUG: end   allocate
DEBUG: begin components::fill_array
DEBUG: end   components::fill_array
DEBUG: begin allocate
DEBUG: begin components::fill_array
DEBUG: end   components::fill_array
DEBUG: begin components::fill_array
DEBUG: end   components::fill_array       components::fill_array
DEBUG: end   components::fill_array
DEBUG: begin components::fill_array
DEBUG: end   
DEBUG: begin components::fill_array
DEBUG: end   components::fill_array
DEBUG: begin components::fill_array
  "copy": {
  components::fill_array
DEBUG: begin components::fill_array
DEBUG: end   components::fill_array
DEBUG: begin partition::build_from_contiguous
DEBUG: end   partition::build_from_contiguous
DEBUG: begin partition::build_starting_indices
DEBUG: end   partition::build_starting_indicesDEBUG: end   components::fill_array
DEBUG: begin partition::build_from_contiguous
DEBUG: end   partition::build_from_contiguous
DEBUG: begin partition::build_starting_indices
DEBUG: end   partition::build_starting_indices
DEBUG: begin copy
DEBUG: end   copy
DEBUG: begin free              "ti
DEBUG: begin copy
DEBUG: end   copy
DEBUG: begin free

DEBUG: end   free
DEBUG: begin copy
DEBUG: end   copy
DEBUG: begin allocateme": 0.000013,
 DEBUG: end   free
DEBUG: begin copy
DEBUG: end   copy
DEBUG: begin allocate
DEBUG: end   
DEBUG: end   allocate
DEBUG: begin free
DEBUG: end   free
DEBUG: begin free
DEBUG: end         allocate
DEBUG: begin free
free
DEBUG: begin free
DEBUG: end   free
         "flopDEBUG: end   free
DEBUG: begin free
DEBUG: end   free
DEBUG: begin free
DEBUG: end   freeDEBUG: begin free
DEBUG: end   free
DEBUG: begin allocate
DEBUG: end   allocate
DEBUG: begin partition::build_ranges_from_global_size
DEBUG: end   partition::build_ranges_from_global_size
DEBUG: begin s": 7692307.692307693,
    allocate
DEBUG: end   allocate
DEBUG: begin allocate
DEBUG: end   allocate        
DEBUG: begin free
DEBUG: end   free
    "DEBUG: begin allocate
DEBUG: end   allocate

DEBUG: begin allocate
DEBUG: end   allocate
DEBUG: begin allocate
DEBUG: end   allocate
DEBUG: begin bandwidth":DEBUG: begin partition::build_ranges_from_global_size
DEBUG: end   partition::build_ranges_from_global_size
DEBUG: begin allocate
DEBUG: end   allocate
DEBUG: begin components::fill_array
DEBUG: end   components::fill_array
DEBUG: begin components::fill_array
DEBUG: end   components::fill_array
DEBUG: begin components::fill_array 1230allocate
DEBUG: end   allocate
DEBUG: begin allocate

DEBUG: end   components::fill_array
DEBUG: begin components::fill_array
DEBUG: end   76923.076923DEBUG: end   allocate
DEBUG: begin allocate
DEBUG: end   allocate
DEBUG: begin components::fill_array
DEBUG: end   components::fill_array
DEBUG: begin partition::build_from_contiguous
DEBUG: end   partition::build_from_contiguous
DEBUG: begin partition::build_starting_indices
DEBUG: end   partition::build_starting_indices09,
 components::fill_array
DEBUG: begin components::fill_array
DEBUG: end   
DEBUG: begin copy
DEBUG: end   copy
components::fill_array
DEBUG: begin components::fill_array
DEBUG: end   components::fill_array
DEBUG: begin components::fill_array
DEBUG: end   DEBUG: begin free
DEBUG: end   free
DEBUG: begin copy
DEBUG: end   copy
               "rcomponents::fill_array
DEBUG: begin partition::build_from_contiguous
DEBUG: end   partition::build_from_contiguous
DEBUG: begin partition::build_starting_indices
DEBUG: end   partition::build_starting_indices
DEBUG: begin copy
DEBUG: end   copyDEBUG: begin allocate
DEBUG: end   allocate
DEBUG: begin free
DEBUG: end   free
DEBUG: begin free
DEBUG: end   free
DEBUG: begin free
DEBUG: end   free
DEBUG: begin free
DEBUG: end   free
DEBUG: begin dense::fill
DEBUG: end   dense::fill
DEBUG: begin dense::fill
DEBUG: end   epetitions": 1,
                "completed": t
DEBUG: begin free
DEBUG: end   free
DEBUG: begin copy
DEBUG: end   copy
DEBUG: begin allocate
DEBUG: end   allocate
DEBUG: begin free
DEBUG: end   free
DEBUG: begin freedense::fill
DEBUG: begin dense::fill
DEBUG: end   dense::fill
rue
  
DEBUG: end   free
DEBUG: begin free
DEBUG: end   free
DEBUG: begin free
DEBUG: end   DEBUG: begin dense::add_scaled
DEBUG: end   dense::add_scaled
          }
  free
DEBUG: begin dense::fill
DEBUG: end   dense::fill
      }
   DEBUG: begin dense::fill
DEBUG: end   dense::fill
DEBUG: begin dense::fill
DEBUG: end   dense::fill
 }
]
DEBUG: begin axpy
DEBUG: begin allocate
DEBUG: end   allocate
DEBUG: begin allocate
DEBUG: end   allocate
DEBUG: begin partition::build_ranges_from_global_size
DEBUG: end   partition::build_ranges_from_global_size
DEBUG: begin allocate
DEBUG: end   allocate
DEBUG: begin allocate
DEBUG: end   allocate
DEBUG: begin DEBUG: begin dense::add_scaled
DEBUG: end   dense::add_scaled
allocate
DEBUG: end   allocate
DEBUG: begin allocate
DEBUG: end   allocate
DEBUG: begin components::fill_array
DEBUG: end   components::fill_array
DEBUG: begin components::fill_array
DEBUG: end   components::fill_array
DEBUG: begin components::fill_array
DEBUG: end   components::fill_array
DEBUG: begin components::fill_array
DEBUG: end   components::fill_array
DEBUG: begin partition::build_from_contiguous
DEBUG: end   partition::build_from_contiguous
DEBUG: begin partition::build_starting_indices
DEBUG: end   partition::build_starting_indices
DEBUG: begin copy
DEBUG: end   copy
DEBUG: begin free
DEBUG: end   free
DEBUG: begin copy
DEBUG: end   copy
DEBUG: begin allocate
DEBUG: end   allocate
DEBUG: begin free
DEBUG: end   free
DEBUG: begin free
DEBUG: end   free
DEBUG: begin free
DEBUG: end   free
DEBUG: begin free
DEBUG: end   free
DEBUG: begin allocate
DEBUG: end   allocate
DEBUG: begin partition::build_ranges_from_global_size
DEBUG: end   partition::build_ranges_from_global_size
DEBUG: begin allocate
DEBUG: end   allocate
DEBUG: begin allocate
DEBUG: end   allocate
DEBUG: begin allocate
DEBUG: end   allocate
DEBUG: begin allocate
DEBUG: end   allocate
DEBUG: begin components::fill_array
DEBUG: end   components::fill_array
DEBUG: begin components::fill_array
DEBUG: end   components::fill_array
DEBUG: begin components::fill_array
DEBUG: end   components::fill_array
DEBUG: begin components::fill_array
DEBUG: end   components::fill_array
DEBUG: begin partition::build_from_contiguous
DEBUG: end   partition::build_from_contiguous
DEBUG: begin partition::build_starting_indices
DEBUG: end   partition::build_starting_indices
DEBUG: begin copy
DEBUG: end   copy
DEBUG: begin free
DEBUG: end   free
DEBUG: begin copy
DEBUG: end   copy
DEBUG: begin allocate
DEBUG: end   allocate
DEBUG: begin free
DEBUG: end   free
DEBUG: begin free
DEBUG: end   free
DEBUG: begin free
DEBUG: end   free
DEBUG: begin free
DEBUG: end   free
DEBUG: begin dense::fill
DEBUG: end   dense::fill
DEBUG: begin dense::fill
DEBUG: end   dense::fill
DEBUG: begin dense::fill
DEBUG: end   dense::fill
DEBUG: begin dense::add_scaled
DEBUG: end   dense::add_scaled
DEBUG: begin free
DEBUG: end   free
DEBUG: begin free
DEBUG: end   free
DEBUG: begin free
DEBUG: end   free
DEBUG: begin free
DEBUG: end   free
DEBUG: begin free
DEBUG: end   free
DEBUG: begin free
DEBUG: end   free
DEBUG: end   axpy
DEBUG: begin DEBUG: begin free
DEBUG: end   free
DEBUG: begin free
DEBUG: end   free
DEBUG: begin free
DEBUG: end   free
DEBUG: end   axpy
DEBUG: begin scal
scal
DEBUG: begin allocate
DEBUG: begin allocate
DEBUG: end   allocate
DEBUG: end   axpy
Current state:
[
    {
     DEBUG: end   allocate
DEBUG: begin allocate
DEBUG: end   allocate
DEBUG: begin partition::build_ranges_from_global_size
DEBUG: end   partition::build_ranges_from_global_size
DEBUG: begin DEBUG: begin allocate
DEBUG: end   allocate
DEBUG: begin partition::build_ranges_from_global_size
DEBUG: end   partition::build_ranges_from_global_size
DEBUG: begin allocate
   "n": 100,
    allocate
DEBUG: end   allocate
DEBUG: begin allocate
DEBUG: end   allocate
DEBUG: begin allocate
DEBUG: end   allocate
DEBUG: begin allocate
DEBUG: end   DEBUG: end   allocate
DEBUG: begin allocate
DEBUG: end   allocate
DEBUG: begin allocate
DEBUG: end   allocate
DEBUG: begin allocate
DEBUG: end   allocate    "blasallocate
DEBUG: begin components::fill_array
DEBUG: end   components::fill_array
DEBUG: begin components::fill_array

DEBUG: begin components::fill_array
DEBUG: end   components::fill_array
DEBUG: begin components::fill_array
DEBUG: end   ": {
 DEBUG: end   components::fill_array
DEBUG: begin components::fill_array
DEBUG: end   components::fill_arraycomponents::fill_array
DEBUG: begin components::fill_array
DEBUG: end   components::fill_array
           "co
DEBUG: begin components::fill_array
DEBUG: end   components::fill_array
DEBUG: begin partition::build_from_contiguous
DEBUG: end   partition::build_from_contiguous
DEBUG: begin partition::build_starting_indices
DEBUG: end   DEBUG: begin components::fill_array
DEBUG: end   components::fill_array
DEBUG: begin partition::build_from_contiguous
DEBUG: end   partition::build_from_contiguous
DEBUG: begin partition::build_starting_indices
DEBUG: end   py": {partition::build_starting_indices
DEBUG: begin copy
DEBUG: end   copy
DEBUG: begin partition::build_starting_indices
DEBUG: begin copy
DEBUG: end   copy
             free
DEBUG: end   free
DEBUG: begin copy
DEBUG: end   copy
DEBUG: begin allocate
DEBUG: end   
DEBUG: begin free
DEBUG: end   free
DEBUG: begin copy
DEBUG: end   copy
DEBUG: begin allocate
   "tiallocate
DEBUG: begin free
DEBUG: end   free
DEBUG: end   allocate
DEBUG: begin free
DEBUG: end   free
me": 0.000013,
 DEBUG: begin free
DEBUG: end   free
DEBUG: begin free
DEBUG: end   free
DEBUG: begin free
DEBUG: end   freeDEBUG: begin free
DEBUG: end   free
DEBUG: begin free
DEBUG: end   free
DEBUG: begin free
DEBUG: end   
DEBUG: begin dense::fill
DEBUG: end   free
DEBUG: begin dense::fill
DEBUG: end   dense::fill
               "flops":DEBUG: begin dense::fill
DEBUG: end   dense::fill
DEBUG: begin dense::scale
DEBUG: end   dense::scale
 7692307.692307693,
     dense::fill
DEBUG: begin dense::fill
DEBUG: end   dense::fill
DEBUG: begin dense::scale
DEBUG: end   dense::scale
           "bandwidth": 123076923.07692309,
                "repetitions": 1,
                "completed": true
            },
            "axpy": {
                "time": 0.000017,
                "flops": 11764705.88235294,
                "bandwidth": 141176470.5882353,
                "repetitions": 1,
                "completed": true
            }
        }
    }
]
DEBUG: begin scal
DEBUG: begin allocate
DEBUG: end   allocate
DEBUG: begin allocate
DEBUG: end   allocate
DEBUG: begin partition::build_ranges_from_global_size
DEBUG: end   partition::build_ranges_from_global_size
DEBUG: begin allocate
DEBUG: end   allocate
DEBUG: begin allocate
DEBUG: end   allocate
DEBUG: begin allocate
DEBUG: end   allocate
DEBUG: begin allocate
DEBUG: end   allocate
DEBUG: begin components::fill_array
DEBUG: end   components::fill_array
DEBUG: begin components::fill_array
DEBUG: end   components::fill_array
DEBUG: begin components::fill_array
DEBUG: end   components::fill_array
DEBUG: begin components::fill_array
DEBUG: end   components::fill_array
DEBUG: begin partition::build_from_contiguous
DEBUG: end   partition::build_from_contiguous
DEBUG: begin partition::build_starting_indices
DEBUG: end   partition::build_starting_indices
DEBUG: begin copy
DEBUG: end   copy
DEBUG: begin free
DEBUG: end   free
DEBUG: begin copy
DEBUG: end   copy
DEBUG: begin allocate
DEBUG: end   allocate
DEBUG: begin free
DEBUG: end   free
DEBUG: begin free
DEBUG: end   free
DEBUG: begin free
DEBUG: end   free
DEBUG: begin free
DEBUG: end   free
DEBUG: begin dense::fill
DEBUG: end   dense::fill
DEBUG: begin dense::fill
DEBUG: end   dense::fill
DEBUG: begin dense::scale
DEBUG: end   dense::scale
DEBUG: begin freeDEBUG: begin free

DEBUG: end   free
DEBUG: begin free
DEBUG: end   free
DEBUG: end   DEBUG: begin free
DEBUG: end   free
DEBUG: begin free
DEBUG: end   free
DEBUG: end   DEBUG: end   free
DEBUG: begin free
DEBUG: end   free
DEBUG: end   scal
DEBUG: end   n = 100 scal
Current state:
[
    {
        "n":scal
DEBUG: end   n = 100 

 100,
        "blas": {
            "copy": {
                "time": 0.000013,
                "flops": 7692307.692307693,
                "bandwidth": 123076923.07692309,
                "repetitions": 1,
                "completed": true
            },
            "axpy": {
                "time": 0.000017,
                "flops": 11764705.88235294,
                "bandwidth": 141176470.5882353,
                "repetitions": 1,
                "completed": true
            },
            "scal": {
                "time": 0.000007,
                "flops": 14285714.285714285,
                "bandwidth": 228571428.57142857,
                "repetitions": 1,
                "completed": true
            }
        }
    }
]
DEBUG: end   n = 100 
