[
    {
        "size": 100,
        "stencil": "7pt",
        "preconditioner": {
            "none": {
                "generate": {
                    "components": {},
                    "time": 1.0,
                    "repetitions": 1
                },
                "apply": {
                    "components": {},
                    "time": 1.0,
                    "repetitions": 1
                },
                "completed": true
            }
        },
        "rows": 125,
        "cols": 125,
        "nonzeros": 725
    }
]
