This is Ginkgo 1.7.0 (develop)
    running with core module 1.7.0 (develop)
Running on reference(0)
Running with 0 warm iterations and 1 running iterations
The random seed for right hand sides is 42
The operations are transpose
Running test case stencil(100,7pt)
Matrix is of size (125, 125), 725
DEBUG: begin allocate
DEBUG: end   allocate
DEBUG: begin allocate
DEBUG: end   allocate
DEBUG: begin allocate
DEBUG: end   allocate
DEBUG: begin components::fill_array
DEBUG: end   components::fill_array
DEBUG: begin allocate
DEBUG: end   allocate
DEBUG: begin allocate
DEBUG: end   allocate
DEBUG: begin allocate
DEBUG: end   allocate
DEBUG: begin components::aos_to_soa
DEBUG: end   components::aos_to_soa
DEBUG: begin free
DEBUG: end   free
DEBUG: begin free
DEBUG: end   free
DEBUG: begin components::convert_idxs_to_ptrs
DEBUG: end   components::convert_idxs_to_ptrs
DEBUG: begin free
DEBUG: end   free
DEBUG: begin stencil(100,7pt)
	Running sparse_blas: transpose
DEBUG: begin transpose
DEBUG: begin allocate
DEBUG: end   allocate
DEBUG: begin allocate
DEBUG: end   allocate
DEBUG: begin allocate
DEBUG: end   allocate
DEBUG: begin components::fill_array
DEBUG: end   components::fill_array
DEBUG: begin csr::transpose
DEBUG: end   csr::transpose
DEBUG: begin free
DEBUG: end   free
DEBUG: begin free
DEBUG: end   free
DEBUG: begin free
DEBUG: end   free
DEBUG: end   transpose
DEBUG: end   stencil(100,7pt)
DEBUG: begin free
DEBUG: end   free
DEBUG: begin free
DEBUG: end   free
DEBUG: begin free
DEBUG: end   free
