
[
    {
        "size": 81,
        "stencil": "7pt",
        "comm_pattern": "stencil",
        "spmv": {
            "csr-csr": {
                "storage": 2316,
                "max_relative_norm2": 1.0,
                "time": 1.0,
                "repetitions": 1,
                "completed": true
            }
        },
        "nnz": 135,
        "optimal": {
            "spmv": "csr-csr"
        }
    }
]
