This is Ginkgo 1.7.0 (develop)
    running with core module 1.7.0 (develop)
Running on reference(0)
Running with 2 warm iterations and 10 running iterations
The random seed for right hand sides is 42
The formats are coo
The number of right hand sides is 1
Running test case
{
    "size": 100,
    "stencil": "7pt",
    "spmv": {}
}
Matrix is of size (125, 125), 725
	Running spmv: coo
