[
    {
        "filename": "",
        "spmv": {
            "coo": {
                "storage": 3328,
                "max_relative_norm2": 1.0,
                "time": 1.0,
                "repetitions": 10,
                "completed": true
            }
        },
        "rows": 36,
        "cols": 36,
        "nonzeros": 208,
        "optimal": {
            "spmv": "coo"
        }
    }
]
